INFO: SiteComparatorScrappcount{namedCounts=[]}
 Input: [sunnewsonline_breaking, naij, saharareporters, tribune, aitonline_news, dailytrust, ngrguardiannews, leadership.ng, vanguardngr, lindaikeji.blogspot, thenationonlineng, sunnewsonline_national, punchng, bellanaija, thisday, channelstv_headlines]
Output: [sunnewsonline_breaking, naij, saharareporters, tribune, aitonline_news, dailytrust, ngrguardiannews, leadership.ng, vanguardngr, lindaikeji.blogspot, thenationonlineng, sunnewsonline_national, punchng, bellanaija, thisday, channelstv_headlines]
INFO: SiteComparatorScrappcount{namedCounts=[(saharareporters=0), (sunnewsonline_breaking=0), (naij=0), (ngrguardiannews=0), (leadership.ng=0), (vanguardngr=0), (lindaikeji.blogspot=0), (thenationonlineng=0), (punchng=0), (aitonline_news=3), (thisday=0), (channelstv_headlines=0), (sunnewsonline_national=0), (dailytrust=1), (bellanaija=1), (tribune=0)]}
 Input: [CNN Africa, Sports Features, Premier League@talksport.com, CNN Top-stories, Vanguard Nigeria, Aljazeera, Sahara Reporters, Reuters, Punch Nigeria, Channels TV, Osundefender, Premium Times]
Output: [CNN Africa, Sports Features, Premier League@talksport.com, CNN Top-stories, Vanguard Nigeria, Aljazeera, Sahara Reporters, Reuters, Punch Nigeria, Channels TV, Osundefender, Premium Times]
Sep 03, 2016 11:21:59 AM com.idisc.core.web.WebFeedTask 
INFO: SiteComparatorScrappcount{namedCounts=[(saharareporters=0), (sunnewsonline_breaking=0), (naij=0), (ngrguardiannews=0), (leadership.ng=0), (vanguardngr=0), (lindaikeji.blogspot=0), (thenationonlineng=0), (punchng=0), (aitonline_news=3), (thisday=0), (channelstv_headlines=0), (sunnewsonline_national=0), (dailytrust=1), (bellanaija=1), (tribune=0), (Premier League@talksport.com=1), (CNN Africa=2), (CNN Top-stories=0), (Sports Features=0), (Sahara Reporters=0), (Channels TV=0), (Reuters=1), (Punch Nigeria=1), (Osundefender=0), (Aljazeera=0), (Premium Times=0), (Vanguard Nigeria=1)]}
 Input: [sunnewsonline_breaking, naij, saharareporters, tribune, aitonline_news, dailytrust, ngrguardiannews, leadership.ng, vanguardngr, lindaikeji.blogspot, thenationonlineng, sunnewsonline_national, punchng, bellanaija, thisday, channelstv_headlines]
Output: [sunnewsonline_breaking, naij, saharareporters, tribune, ngrguardiannews, leadership.ng, vanguardngr, lindaikeji.blogspot, thenationonlineng, sunnewsonline_national, punchng, thisday, channelstv_headlines, dailytrust, bellanaija, aitonline_news]
Sep 03, 2016 11:24:18 AM com.idisc.core.rss.RSSFeedTask 
INFO: SiteComparatorScrappcount{namedCounts=[(saharareporters=0), (sunnewsonline_breaking=0), (naij=50), (ngrguardiannews=0), (leadership.ng=2), (vanguardngr=0), (lindaikeji.blogspot=2), (thenationonlineng=0), (punchng=2), (aitonline_news=6), (thisday=0), (channelstv_headlines=0), (sunnewsonline_national=0), (dailytrust=3), (bellanaija=51), (tribune=0), (Premier League@talksport.com=1), (CNN Africa=2), (CNN Top-stories=0), (Sports Features=0), (Sahara Reporters=0), (Channels TV=0), (Reuters=1), (Punch Nigeria=1), (Osundefender=0), (Aljazeera=0), (Premium Times=0), (Vanguard Nigeria=1)]}
 Input: [CNN Africa, Sports Features, Premier League@talksport.com, CNN Top-stories, Vanguard Nigeria, Aljazeera, Sahara Reporters, Reuters, Punch Nigeria, Channels TV, Osundefender, Premium Times]
Output: [Sports Features, CNN Top-stories, Aljazeera, Sahara Reporters, Channels TV, Osundefender, Premium Times, Premier League@talksport.com, Vanguard Nigeria, Reuters, Punch Nigeria, CNN Africa]
Sep 03, 2016 11:56:30 AM com.idisc.core.web.WebFeedTask 
INFO: SiteComparatorScrappcount{namedCounts=[(saharareporters=0), (sunnewsonline_breaking=0), (naij=50), (ngrguardiannews=0), (leadership.ng=2), (vanguardngr=0), (lindaikeji.blogspot=2), (thenationonlineng=0), (punchng=2), (aitonline_news=6), (thisday=0), (channelstv_headlines=0), (sunnewsonline_national=0), (dailytrust=3), (bellanaija=51), (tribune=0), (Premier League@talksport.com=2), (CNN Africa=4), (CNN Top-stories=2), (Sports Features=0), (Sahara Reporters=0), (Channels TV=0), (Reuters=3), (Punch Nigeria=3), (Osundefender=0), (Aljazeera=1), (Premium Times=2), (Vanguard Nigeria=5)]}
 Input: [sunnewsonline_breaking, naij, saharareporters, tribune, aitonline_news, dailytrust, ngrguardiannews, leadership.ng, vanguardngr, lindaikeji.blogspot, thenationonlineng, sunnewsonline_national, punchng, bellanaija, thisday, channelstv_headlines]
Output: [sunnewsonline_breaking, saharareporters, tribune, ngrguardiannews, vanguardngr, thenationonlineng, sunnewsonline_national, thisday, channelstv_headlines, leadership.ng, lindaikeji.blogspot, punchng, dailytrust, aitonline_news, naij, bellanaija]
Sep 03, 2016 11:58:42 AM com.idisc.core.rss.RSSFeedTask 
INFO: SiteComparatorScrappcount{namedCounts=[(saharareporters=0), (sunnewsonline_breaking=0), (naij=100), (ngrguardiannews=0), (leadership.ng=2), (vanguardngr=0), (lindaikeji.blogspot=2), (thenationonlineng=0), (punchng=2), (aitonline_news=9), (thisday=0), (channelstv_headlines=0), (sunnewsonline_national=0), (dailytrust=6), (bellanaija=101), (tribune=0), (Premier League@talksport.com=2), (CNN Africa=4), (CNN Top-stories=2), (Sports Features=0), (Sahara Reporters=0), (Channels TV=0), (Reuters=3), (Punch Nigeria=3), (Osundefender=0), (Aljazeera=1), (Premium Times=2), (Vanguard Nigeria=5)]}
 Input: [CNN Africa, Sports Features, Premier League@talksport.com, CNN Top-stories, Vanguard Nigeria, Aljazeera, Sahara Reporters, Reuters, Punch Nigeria, Channels TV, Osundefender, Premium Times]
Output: [Sports Features, Sahara Reporters, Channels TV, Osundefender, Aljazeera, Premier League@talksport.com, CNN Top-stories, Premium Times, Reuters, Punch Nigeria, CNN Africa, Vanguard Nigeria]
Sep 03, 2016 12:30:52 PM com.idisc.core.web.WebFeedTask 
INFO: SiteComparatorScrappcount{namedCounts=[]}
 Input: [sunnewsonline_breaking, naij, saharareporters, tribune, aitonline_news, dailytrust, ngrguardiannews, leadership.ng, vanguardngr, lindaikeji.blogspot, thenationonlineng, sunnewsonline_national, punchng, bellanaija, thisday, channelstv_headlines]
Output: [sunnewsonline_breaking, naij, saharareporters, tribune, aitonline_news, dailytrust, ngrguardiannews, leadership.ng, vanguardngr, lindaikeji.blogspot, thenationonlineng, sunnewsonline_national, punchng, bellanaija, thisday, channelstv_headlines]
Sep 03, 2016 12:33:14 PM com.idisc.core.rss.RSSFeedTask 
INFO: SiteComparatorScrappcount{namedCounts=[(sunnewsonline_breaking=0), (saharareporters=0), (ngrguardiannews=0), (aitonline_news=3), (vanguardngr=0), (leadership.ng=0), (lindaikeji.blogspot=0), (thenationonlineng=0), (punchng=0), (sunnewsonline_national=0), (thisday=0), (dailytrust=3), (channelstv_headlines=0), (naij=50), (tribune=0), (bellanaija=50)]}
 Input: [CNN Africa, Sports Features, Premier League@talksport.com, CNN Top-stories, Vanguard Nigeria, Aljazeera, Sahara Reporters, Reuters, Punch Nigeria, Channels TV, Osundefender, Premium Times]
Output: [CNN Africa, Sports Features, Premier League@talksport.com, CNN Top-stories, Vanguard Nigeria, Aljazeera, Sahara Reporters, Reuters, Punch Nigeria, Channels TV, Osundefender, Premium Times]
Sep 03, 2016 1:05:24 PM com.idisc.core.web.WebFeedTask 
INFO: SiteComparatorScrappcount{namedCounts=[(sunnewsonline_breaking=0), (saharareporters=0), (ngrguardiannews=0), (aitonline_news=3), (vanguardngr=0), (leadership.ng=0), (lindaikeji.blogspot=0), (thenationonlineng=0), (punchng=0), (sunnewsonline_national=0), (thisday=0), (dailytrust=3), (channelstv_headlines=0), (naij=50), (tribune=0), (bellanaija=50), (CNN Africa=2), (Premier League@talksport.com=1), (CNN Top-stories=11), (Sahara Reporters=0), (Sports Features=0), (Channels TV=1), (Reuters=4), (Punch Nigeria=1), (Osundefender=0), (Aljazeera=2), (Premium Times=2), (Vanguard Nigeria=0)]}
 Input: [sunnewsonline_breaking, naij, saharareporters, tribune, aitonline_news, dailytrust, ngrguardiannews, leadership.ng, vanguardngr, lindaikeji.blogspot, thenationonlineng, sunnewsonline_national, punchng, bellanaija, thisday, channelstv_headlines]
Output: [sunnewsonline_breaking, saharareporters, tribune, ngrguardiannews, leadership.ng, vanguardngr, lindaikeji.blogspot, thenationonlineng, sunnewsonline_national, punchng, thisday, channelstv_headlines, aitonline_news, dailytrust, naij, bellanaija]
Sep 03, 2016 1:08:18 PM com.idisc.core.rss.RSSFeedTask 
INFO: SiteComparatorScrappcount{namedCounts=[(sunnewsonline_breaking=0), (saharareporters=0), (ngrguardiannews=0), (aitonline_news=6), (vanguardngr=0), (leadership.ng=0), (lindaikeji.blogspot=0), (thenationonlineng=0), (punchng=0), (sunnewsonline_national=0), (thisday=0), (dailytrust=5), (channelstv_headlines=0), (naij=100), (tribune=0), (bellanaija=100), (CNN Africa=2), (Premier League@talksport.com=1), (CNN Top-stories=11), (Sahara Reporters=0), (Sports Features=0), (Channels TV=1), (Reuters=4), (Punch Nigeria=1), (Osundefender=0), (Aljazeera=2), (Premium Times=2), (Vanguard Nigeria=0)]}
 Input: [CNN Africa, Sports Features, Premier League@talksport.com, CNN Top-stories, Vanguard Nigeria, Aljazeera, Sahara Reporters, Reuters, Punch Nigeria, Channels TV, Osundefender, Premium Times]
Output: [Sports Features, Vanguard Nigeria, Sahara Reporters, Osundefender, Premier League@talksport.com, Punch Nigeria, Channels TV, CNN Africa, Aljazeera, Premium Times, Reuters, CNN Top-stories]
Sep 03, 2016 1:17:25 PM com.idisc.web.filters.AppFilter 
INFO: 
===============================     METRICS     ==============================
After 200 requests, memory level: 0.50, async enabled: false
==============================================================================
Sep 03, 2016 1:40:28 PM com.idisc.core.web.WebFeedTask 
INFO: SiteComparatorScrappcount{namedCounts=[(sunnewsonline_breaking=0), (saharareporters=0), (ngrguardiannews=0), (aitonline_news=6), (vanguardngr=0), (leadership.ng=0), (lindaikeji.blogspot=0), (thenationonlineng=0), (punchng=0), (sunnewsonline_national=0), (thisday=0), (dailytrust=5), (channelstv_headlines=0), (naij=100), (tribune=0), (bellanaija=100), (CNN Africa=4), (Premier League@talksport.com=3), (CNN Top-stories=12), (Sahara Reporters=0), (Sports Features=0), (Channels TV=2), (Reuters=6), (Punch Nigeria=3), (Osundefender=0), (Aljazeera=3), (Premium Times=2), (Vanguard Nigeria=4)]}
 Input: [sunnewsonline_breaking, naij, saharareporters, tribune, aitonline_news, dailytrust, ngrguardiannews, leadership.ng, vanguardngr, lindaikeji.blogspot, thenationonlineng, sunnewsonline_national, punchng, bellanaija, thisday, channelstv_headlines]
Output: [sunnewsonline_breaking, saharareporters, tribune, ngrguardiannews, leadership.ng, vanguardngr, lindaikeji.blogspot, thenationonlineng, sunnewsonline_national, punchng, thisday, channelstv_headlines, dailytrust, aitonline_news, naij, bellanaija]
Sep 03, 2016 1:42:18 PM com.idisc.core.rss.RSSFeedTask 
INFO: SiteComparatorScrappcount{namedCounts=[(sunnewsonline_breaking=0), (saharareporters=0), (ngrguardiannews=0), (aitonline_news=9), (vanguardngr=0), (leadership.ng=6), (lindaikeji.blogspot=0), (thenationonlineng=0), (punchng=0), (sunnewsonline_national=0), (thisday=0), (dailytrust=6), (channelstv_headlines=0), (naij=150), (tribune=0), (bellanaija=101), (CNN Africa=4), (Premier League@talksport.com=3), (CNN Top-stories=12), (Sahara Reporters=0), (Sports Features=0), (Channels TV=2), (Reuters=6), (Punch Nigeria=3), (Osundefender=0), (Aljazeera=3), (Premium Times=2), (Vanguard Nigeria=4)]}
 Input: [CNN Africa, Sports Features, Premier League@talksport.com, CNN Top-stories, Vanguard Nigeria, Aljazeera, Sahara Reporters, Reuters, Punch Nigeria, Channels TV, Osundefender, Premium Times]
Output: [Sports Features, Sahara Reporters, Osundefender, Channels TV, Premium Times, Premier League@talksport.com, Aljazeera, Punch Nigeria, CNN Africa, Vanguard Nigeria, Reuters, CNN Top-stories]

